This is pdfTeX, Version 3.141592653-2.6-1.40.24 (MiKTeX 22.1) (preloaded format=pdflatex.fmt)
 restricted \write18 enabled.
entering extended mode
(main.tex
LaTeX2e <2025-11-01>
L3 programming layer <2025-11-06>
(thapathaliece.cls
Document Class: thapathaliece 2025/12/15 Thapathali CE report Class

(/Users/anveshantimsina/Library/Application Support/MiKTeX/texmfs/install/tex/l
atex/koma-script/scrreprt.cls
Document Class: scrreprt 2025/12/01 v3.49 KOMA-Script document class (report)

(/Users/anveshantimsina/Library/Application Support/MiKTeX/texmfs/install/tex/l
atex/koma-script/scrkbase.sty
(/Users/anveshantimsina/Library/Application Support/MiKTeX/texmfs/install/tex/l
atex/koma-script/scrbase.sty
(/Users/anveshantimsina/Library/Application Support/MiKTeX/texmfs/install/tex/l
atex/koma-script/scrlfile.sty
(/Users/anveshantimsina/Library/Application Support/MiKTeX/texmfs/install/tex/l
atex/koma-script/scrlfile-hook.sty
(/Users/anveshantimsina/Library/Application Support/MiKTeX/texmfs/install/tex/l
atex/koma-script/scrlogo.sty)))
(/Users/anveshantimsina/Library/Application Support/MiKTeX/texmfs/install/tex/l
atex/graphics/keyval.sty)))
(/Users/anveshantimsina/Library/Application Support/MiKTeX/texmfs/install/tex/l
atex/koma-script/tocbasic.sty)
(/Users/anveshantimsina/Library/Application Support/MiKTeX/texmfs/install/tex/l
atex/koma-script/scrsize12pt.clo)
(/Users/anveshantimsina/Library/Application Support/MiKTeX/texmfs/install/tex/l
atex/koma-script/typearea.sty))
(/Users/anveshantimsina/Library/Application Support/MiKTeX/texmfs/install/tex/g
eneric/babel/babel.sty
(/Users/anveshantimsina/Library/Application Support/MiKTeX/texmfs/install/tex/g
eneric/babel/txtbabel.def)
*************************************
* Local config file bblopts.cfg used
*

(/Users/anveshantimsina/Library/Application Support/MiKTeX/texmfs/install/tex/l
atex/arabi/bblopts.cfg)
(/Users/anveshantimsina/Library/Application Support/MiKTeX/texmfs/install/tex/g
eneric/babel/locale/en/babel-english.tex)
(/Users/anveshantimsina/Library/Application Support/MiKTeX/texmfs/install/tex/l
atex/babel-english/english.ldf))
(/Users/anveshantimsina/Library/Application Support/MiKTeX/texmfs/install/tex/l
atex/base/fontenc.sty)
(/Users/anveshantimsina/Library/Application Support/MiKTeX/texmfs/install/tex/l
atex/base/inputenc.sty)
(/Users/anveshantimsina/Library/Application Support/MiKTeX/texmfs/install/tex/l
atex/amsmath/amsmath.sty
For additional information on amsmath, use the `?' option.

(/Users/anveshantimsina/Library/Application Support/MiKTeX/texmfs/install/tex/l
atex/amsmath/amstext.sty
(/Users/anveshantimsina/Library/Application Support/MiKTeX/texmfs/install/tex/l
atex/amsmath/amsgen.sty))
(/Users/anveshantimsina/Library/Application Support/MiKTeX/texmfs/install/tex/l
atex/amsmath/amsbsy.sty)
(/Users/anveshantimsina/Library/Application Support/MiKTeX/texmfs/install/tex/l
atex/amsmath/amsopn.sty))
(/Users/anveshantimsina/Library/Application Support/MiKTeX/texmfs/install/tex/l
atex/amsfonts/amssymb.sty
(/Users/anveshantimsina/Library/Application Support/MiKTeX/texmfs/install/tex/l
atex/amsfonts/amsfonts.sty))
(/Users/anveshantimsina/Library/Application Support/MiKTeX/texmfs/install/tex/l
atex/amscls/amsthm.sty)
(/Users/anveshantimsina/Library/Application Support/MiKTeX/texmfs/install/tex/l
atex/xpatch/xpatch.sty
(/Users/anveshantimsina/Library/Application Support/MiKTeX/texmfs/install/tex/l
atex/l3kernel/expl3.sty
(/Users/anveshantimsina/Library/Application Support/MiKTeX/texmfs/install/tex/l
atex/l3backend/l3backend-pdftex.def))
(/Users/anveshantimsina/Library/Application Support/MiKTeX/texmfs/install/tex/l
atex/l3packages/xparse/xparse.sty)
(/Users/anveshantimsina/Library/Application Support/MiKTeX/texmfs/install/tex/l
atex/etoolbox/etoolbox.sty))
(/Users/anveshantimsina/Library/Application Support/MiKTeX/texmfs/install/tex/l
atex/psnfss/times.sty)
(/Users/anveshantimsina/Library/Application Support/MiKTeX/texmfs/install/tex/l
atex/newtx/newtxmath.sty
`newtxmath' v1.754, 2024/09/22 Math macros based originally on txfonts (msharpe
)
(/Users/anveshantimsina/Library/Application Support/MiKTeX/texmfs/install/tex/l
atex/base/ifthen.sty)
(/Users/anveshantimsina/Library/Application Support/MiKTeX/texmfs/install/tex/g
eneric/iftex/iftex.sty)
(/Users/anveshantimsina/Library/Application Support/MiKTeX/texmfs/install/tex/l
atex/xkeyval/xkeyval.sty
(/Users/anveshantimsina/Library/Application Support/MiKTeX/texmfs/install/tex/g
eneric/xkeyval/xkeyval.tex
(/Users/anveshantimsina/Library/Application Support/MiKTeX/texmfs/install/tex/g
eneric/xkeyval/xkvutils.tex)))
(/Users/anveshantimsina/Library/Application Support/MiKTeX/texmfs/install/tex/l
atex/oberdiek/centernot.sty)
(/Users/anveshantimsina/Library/Application Support/MiKTeX/texmfs/install/tex/g
eneric/binhex/binhex.tex)
amsthm NOT loaded
)
(/Users/anveshantimsina/Library/Application Support/MiKTeX/texmfs/install/tex/l
atex/microtype/microtype.sty
(/Users/anveshantimsina/Library/Application Support/MiKTeX/texmfs/install/tex/l
atex/microtype/microtype-pdftex.def)
(/Users/anveshantimsina/Library/Application Support/MiKTeX/texmfs/install/tex/l
atex/microtype/microtype.cfg))
(/Users/anveshantimsina/Library/Application Support/MiKTeX/texmfs/install/tex/l
atex/hyphenat/hyphenat.sty)
(/Users/anveshantimsina/Library/Application Support/MiKTeX/texmfs/install/tex/l
atex/tools/xspace.sty)
(/Users/anveshantimsina/Library/Application Support/MiKTeX/texmfs/install/tex/l
atex/geometry/geometry.sty
(/Users/anveshantimsina/Library/Application Support/MiKTeX/texmfs/install/tex/g
eneric/iftex/ifvtex.sty)
(/Users/anveshantimsina/Library/Application Support/MiKTeX/texmfs/install/tex/l
atex/geometry/geometry.cfg))
(/Users/anveshantimsina/Library/Application Support/MiKTeX/texmfs/install/tex/l
atex/xcolor/xcolor.sty
(/Users/anveshantimsina/Library/Application Support/MiKTeX/texmfs/install/tex/l
atex/graphics-cfg/color.cfg)
(/Users/anveshantimsina/Library/Application Support/MiKTeX/texmfs/install/tex/l
atex/graphics-def/pdftex.def)
(/Users/anveshantimsina/Library/Application Support/MiKTeX/texmfs/install/tex/l
atex/graphics/mathcolor.ltx))
(/Users/anveshantimsina/Library/Application Support/MiKTeX/texmfs/install/tex/l
atex/graphics/graphicx.sty
(/Users/anveshantimsina/Library/Application Support/MiKTeX/texmfs/install/tex/l
atex/graphics/graphics.sty
(/Users/anveshantimsina/Library/Application Support/MiKTeX/texmfs/install/tex/l
atex/graphics/trig.sty)
(/Users/anveshantimsina/Library/Application Support/MiKTeX/texmfs/install/tex/l
atex/graphics-cfg/graphics.cfg)))
(/Users/anveshantimsina/Library/Application Support/MiKTeX/texmfs/install/tex/l
atex/cite/cite.sty)
(/Users/anveshantimsina/Library/Application Support/MiKTeX/texmfs/install/tex/l
atex/caption/caption.sty
(/Users/anveshantimsina/Library/Application Support/MiKTeX/texmfs/install/tex/l
atex/caption/caption3.sty))
(/Users/anveshantimsina/Library/Application Support/MiKTeX/texmfs/install/tex/l
atex/caption/subcaption.sty)
(/Users/anveshantimsina/Library/Application Support/MiKTeX/texmfs/install/tex/l
atex/booktabs/booktabs.sty)
(/Users/anveshantimsina/Library/Application Support/MiKTeX/texmfs/install/tex/l
atex/tools/array.sty)
(/Users/anveshantimsina/Library/Application Support/MiKTeX/texmfs/install/tex/l
atex/tools/tabularx.sty)
(/Users/anveshantimsina/Library/Application Support/MiKTeX/texmfs/install/tex/l
atex/multirow/multirow.sty)
(/Users/anveshantimsina/Library/Application Support/MiKTeX/texmfs/install/tex/l
atex/listings/listings.sty
(/Users/anveshantimsina/Library/Application Support/MiKTeX/texmfs/install/tex/l
atex/listings/lstpatch.sty)
(/Users/anveshantimsina/Library/Application Support/MiKTeX/texmfs/install/tex/l
atex/listings/lstmisc.sty)
(/Users/anveshantimsina/Library/Application Support/MiKTeX/texmfs/install/tex/l
atex/listings/listings.cfg))
==> First Aid for listings.sty no longer applied!
    Expected:
        2024/09/23 1.10c (Carsten Heinz)
    but found:
        2025/11/14 1.11b (Carsten Heinz)
    so I'm assuming it got fixed.

(/Users/anveshantimsina/Library/Application Support/MiKTeX/texmfs/install/tex/l
atex/siunitx/siunitx.sty
(/Users/anveshantimsina/Library/Application Support/MiKTeX/texmfs/install/tex/l
atex/translations/translations.sty
(/Users/anveshantimsina/Library/Application Support/MiKTeX/texmfs/install/tex/g
eneric/pdftexcmds/pdftexcmds.sty
(/Users/anveshantimsina/Library/Application Support/MiKTeX/texmfs/install/tex/g
eneric/infwarerr/infwarerr.sty)
(/Users/anveshantimsina/Library/Application Support/MiKTeX/texmfs/install/tex/g
eneric/ltxcmds/ltxcmds.sty))))
(/Users/anveshantimsina/Library/Application Support/MiKTeX/texmfs/install/tex/l
atex/float/float.sty)
(/Users/anveshantimsina/Library/Application Support/MiKTeX/texmfs/install/tex/l
atex/pdfpages/pdfpages.sty
(/Users/anveshantimsina/Library/Application Support/MiKTeX/texmfs/install/tex/l
atex/tools/calc.sty)
(/Users/anveshantimsina/Library/Application Support/MiKTeX/texmfs/install/tex/l
atex/eso-pic/eso-pic.sty)
(/Users/anveshantimsina/Library/Application Support/MiKTeX/texmfs/install/tex/l
atex/pdfpages/pppdftex.def))
(/Users/anveshantimsina/Library/Application Support/MiKTeX/texmfs/install/tex/l
atex/graphics/lscape.sty)
(/Users/anveshantimsina/Library/Application Support/MiKTeX/texmfs/install/tex/l
atex/adjustbox/adjustbox.sty
(/Users/anveshantimsina/Library/Application Support/MiKTeX/texmfs/install/tex/l
atex/adjustbox/adjcalc.sty)
(/Users/anveshantimsina/Library/Application Support/MiKTeX/texmfs/install/tex/l
atex/adjustbox/trimclip.sty
(/Users/anveshantimsina/Library/Application Support/MiKTeX/texmfs/install/tex/l
atex/collectbox/collectbox.sty)
(/Users/anveshantimsina/Library/Application Support/MiKTeX/texmfs/install/tex/l
atex/adjustbox/tc-pdftex.def))
(/Users/anveshantimsina/Library/Application Support/MiKTeX/texmfs/install/tex/l
atex/ifoddpage/ifoddpage.sty)
(/Users/anveshantimsina/Library/Application Support/MiKTeX/texmfs/install/tex/l
atex/varwidth/varwidth.sty)
==> First Aid for varwidth.sty applied!
)
(/Users/anveshantimsina/Library/Application Support/MiKTeX/texmfs/install/tex/l
atex/graphics/rotating.sty)
(/Users/anveshantimsina/Library/Application Support/MiKTeX/texmfs/install/tex/l
atex/lipsum/lipsum.sty
(/Users/anveshantimsina/Library/Application Support/MiKTeX/texmfs/install/tex/l
atex/l3packages/l3keys2e/l3keys2e.sty)
(/Users/anveshantimsina/Library/Application Support/MiKTeX/texmfs/install/tex/l
atex/lipsum/lipsum.ltd.tex))
(/Users/anveshantimsina/Library/Application Support/MiKTeX/texmfs/install/tex/l
atex/csvsimple/csvsimple.sty)
(/Users/anveshantimsina/Library/Application Support/MiKTeX/texmfs/install/tex/l
atex/csvsimple/csvsimple-legacy.sty
(/Users/anveshantimsina/Library/Application Support/MiKTeX/texmfs/install/tex/l
atex/pgf/utilities/pgfrcs.sty
(/Users/anveshantimsina/Library/Application Support/MiKTeX/texmfs/install/tex/g
eneric/pgf/utilities/pgfutil-common.tex)
(/Users/anveshantimsina/Library/Application Support/MiKTeX/texmfs/install/tex/g
eneric/pgf/utilities/pgfutil-latex.def)
(/Users/anveshantimsina/Library/Application Support/MiKTeX/texmfs/install/tex/g
eneric/pgf/utilities/pgfrcs.code.tex
(/Users/anveshantimsina/Library/Application Support/MiKTeX/texmfs/install/tex/g
eneric/pgf/pgf.revision.tex)))
(/Users/anveshantimsina/Library/Application Support/MiKTeX/texmfs/install/tex/l
atex/pgf/utilities/pgfkeys.sty
(/Users/anveshantimsina/Library/Application Support/MiKTeX/texmfs/install/tex/g
eneric/pgf/utilities/pgfkeys.code.tex
(/Users/anveshantimsina/Library/Application Support/MiKTeX/texmfs/install/tex/g
eneric/pgf/utilities/pgfkeyslibraryfiltered.code.tex)))
(/Users/anveshantimsina/Library/Application Support/MiKTeX/texmfs/install/tex/l
atex/tools/shellesc.sty))
(/Users/anveshantimsina/Library/Application Support/MiKTeX/texmfs/install/tex/l
atex/datetime2/datetime2.sty
(/Users/anveshantimsina/Library/Application Support/MiKTeX/texmfs/install/tex/l
atex/tracklang/tracklang.sty
(/Users/anveshantimsina/Library/Application Support/MiKTeX/texmfs/install/tex/g
eneric/tracklang/tracklang.tex))
(/Users/anveshantimsina/Library/Application Support/MiKTeX/texmfs/install/tex/l
atex/datetime2-english/datetime2-english.ldf
(/Users/anveshantimsina/Library/Application Support/MiKTeX/texmfs/install/tex/l
atex/datetime2-english/datetime2-english-base.ldf)))
(/Users/anveshantimsina/Library/Application Support/MiKTeX/texmfs/install/tex/l
atex/textcase/textcase.sty)
(/Users/anveshantimsina/Library/Application Support/MiKTeX/texmfs/install/tex/l
atex/tools/multicol.sty)
(/Users/anveshantimsina/Library/Application Support/MiKTeX/texmfs/install/tex/l
atex/enumitem/enumitem.sty)
(/Users/anveshantimsina/Library/Application Support/MiKTeX/texmfs/install/tex/l
atex/koma-script/scrlayer-scrpage.sty
(/Users/anveshantimsina/Library/Application Support/MiKTeX/texmfs/install/tex/l
atex/koma-script/scrlayer.sty))
(/Users/anveshantimsina/Library/Application Support/MiKTeX/texmfs/install/tex/l
atex/algorithms/algorithm.sty)
(/Users/anveshantimsina/Library/Application Support/MiKTeX/texmfs/install/tex/l
atex/algorithmicx/algpseudocode.sty
(/Users/anveshantimsina/Library/Application Support/MiKTeX/texmfs/install/tex/l
atex/algorithmicx/algorithmicx.sty
Document Style algorithmicx 1.2 - a greatly improved `algorithmic' style
)
Document Style - pseudocode environments for use with the `algorithmicx' style
)
(/Users/anveshantimsina/Library/Application Support/MiKTeX/texmfs/install/tex/l
atex/scrhack/scrhack.sty
(/Users/anveshantimsina/Library/Application Support/MiKTeX/texmfs/install/tex/l
atex/floatbytocbasic/floatbytocbasic.sty)
(/Users/anveshantimsina/Library/Application Support/MiKTeX/texmfs/install/tex/l
atex/lscapeenhanced/lscapeenhanced.sty))
(/Users/anveshantimsina/Library/Application Support/MiKTeX/texmfs/install/tex/l
atex/setspace/setspace.sty)
(/Users/anveshantimsina/Library/Application Support/MiKTeX/texmfs/install/tex/l
atex/setspaceenhanced/setspaceenhanced.sty)
(/Users/anveshantimsina/Library/Application Support/MiKTeX/texmfs/install/tex/l
atex/glossaries/base/glossaries.sty
(/Users/anveshantimsina/Library/Application Support/MiKTeX/texmfs/install/tex/l
atex/mfirstuc/mfirstuc.sty)
(/Users/anveshantimsina/Library/Application Support/MiKTeX/texmfs/install/tex/l
atex/xfor/xfor.sty)
(/Users/anveshantimsina/Library/Application Support/MiKTeX/texmfs/install/tex/l
atex/datatool/datatool-base.sty
(/Users/anveshantimsina/Library/Application Support/MiKTeX/texmfs/install/tex/l
atex/datatool/datatool-l3fp.def)
(/Users/anveshantimsina/Library/Application Support/MiKTeX/texmfs/install/tex/l
atex/datatool/datatool-utf8.ldf)

Package tracklang Warning: No `datatool' support for dialect `english'  on inpu
t line 9924.

)
(/Users/anveshantimsina/Library/Application Support/MiKTeX/texmfs/install/tex/l
atex/glossaries/styles/glossary-hypernav.sty)
(/Users/anveshantimsina/Library/Application Support/MiKTeX/texmfs/install/tex/l
atex/glossaries/styles/glossary-list.sty)
(/Users/anveshantimsina/Library/Application Support/MiKTeX/texmfs/install/tex/l
atex/glossaries/styles/glossary-long.sty
(/Users/anveshantimsina/Library/Application Support/MiKTeX/texmfs/install/tex/l
atex/tools/longtable.sty))
(/Users/anveshantimsina/Library/Application Support/MiKTeX/texmfs/install/tex/l
atex/glossaries/styles/glossary-super.sty
(/Users/anveshantimsina/Library/Application Support/MiKTeX/texmfs/install/tex/l
atex/supertabular/supertabular.sty))
(/Users/anveshantimsina/Library/Application Support/MiKTeX/texmfs/install/tex/l
atex/glossaries/styles/glossary-tree.sty))
(/Users/anveshantimsina/Library/Application Support/MiKTeX/texmfs/install/tex/l
atex/url/url.sty)
(/Users/anveshantimsina/Library/Application Support/MiKTeX/texmfs/install/tex/l
atex/hyperref/hyperref.sty
(/Users/anveshantimsina/Library/Application Support/MiKTeX/texmfs/install/tex/l
atex/kvsetkeys/kvsetkeys.sty)
(/Users/anveshantimsina/Library/Application Support/MiKTeX/texmfs/install/tex/g
eneric/kvdefinekeys/kvdefinekeys.sty)
(/Users/anveshantimsina/Library/Application Support/MiKTeX/texmfs/install/tex/g
eneric/pdfescape/pdfescape.sty)
(/Users/anveshantimsina/Library/Application Support/MiKTeX/texmfs/install/tex/l
atex/hycolor/hycolor.sty)
(/Users/anveshantimsina/Library/Application Support/MiKTeX/texmfs/install/tex/l
atex/hyperref/nameref.sty
(/Users/anveshantimsina/Library/Application Support/MiKTeX/texmfs/install/tex/l
atex/refcount/refcount.sty)
(/Users/anveshantimsina/Library/Application Support/MiKTeX/texmfs/install/tex/g
eneric/gettitlestring/gettitlestring.sty
(/Users/anveshantimsina/Library/Application Support/MiKTeX/texmfs/install/tex/l
atex/kvoptions/kvoptions.sty)))
(/Users/anveshantimsina/Library/Application Support/MiKTeX/texmfs/install/tex/g
eneric/stringenc/stringenc.sty)
(/Users/anveshantimsina/Library/Application Support/MiKTeX/texmfs/install/tex/l
atex/hyperref/pd1enc.def)
(/Users/anveshantimsina/Library/Application Support/MiKTeX/texmfs/install/tex/g
eneric/intcalc/intcalc.sty)
(/Users/anveshantimsina/Library/Application Support/MiKTeX/texmfs/install/tex/l
atex/hyperref/puenc.def)
(/Users/anveshantimsina/Library/Application Support/MiKTeX/texmfs/install/tex/g
eneric/bitset/bitset.sty
(/Users/anveshantimsina/Library/Application Support/MiKTeX/texmfs/install/tex/g
eneric/bigintcalc/bigintcalc.sty)))
(/Users/anveshantimsina/Library/Application Support/MiKTeX/texmfs/install/tex/l
atex/hyperref/hpdftex.def
(/Users/anveshantimsina/Library/Application Support/MiKTeX/texmfs/install/tex/l
atex/rerunfilecheck/rerunfilecheck.sty
(/Users/anveshantimsina/Library/Application Support/MiKTeX/texmfs/install/tex/g
eneric/uniquecounter/uniquecounter.sty)))
(/Users/anveshantimsina/Library/Application Support/MiKTeX/texmfs/install/tex/l
atex/cleveref/cleveref.sty)
==> First Aid for cleveref.sty applied!

(/Users/anveshantimsina/Library/Application Support/MiKTeX/texmfs/install/tex/l
atex/listings/lstlang1.sty)) (vars.tex)
(/Users/anveshantimsina/Library/Application Support/MiKTeX/texmfs/install/tex/l
atex/tcolorbox/tcolorbox.sty
(/Users/anveshantimsina/Library/Application Support/MiKTeX/texmfs/install/tex/l
atex/pgf/frontendlayer/tikz.sty
(/Users/anveshantimsina/Library/Application Support/MiKTeX/texmfs/install/tex/l
atex/pgf/basiclayer/pgf.sty
(/Users/anveshantimsina/Library/Application Support/MiKTeX/texmfs/install/tex/l
atex/pgf/basiclayer/pgfcore.sty
(/Users/anveshantimsina/Library/Application Support/MiKTeX/texmfs/install/tex/l
atex/pgf/systemlayer/pgfsys.sty
(/Users/anveshantimsina/Library/Application Support/MiKTeX/texmfs/install/tex/g
eneric/pgf/systemlayer/pgfsys.code.tex
(/Users/anveshantimsina/Library/Application Support/MiKTeX/texmfs/install/tex/g
eneric/pgf/systemlayer/pgf.cfg)
(/Users/anveshantimsina/Library/Application Support/MiKTeX/texmfs/install/tex/g
eneric/pgf/systemlayer/pgfsys-pdftex.def
(/Users/anveshantimsina/Library/Application Support/MiKTeX/texmfs/install/tex/g
eneric/pgf/systemlayer/pgfsys-common-pdf.def)))
(/Users/anveshantimsina/Library/Application Support/MiKTeX/texmfs/install/tex/g
eneric/pgf/systemlayer/pgfsyssoftpath.code.tex)
(/Users/anveshantimsina/Library/Application Support/MiKTeX/texmfs/install/tex/g
eneric/pgf/systemlayer/pgfsysprotocol.code.tex))
(/Users/anveshantimsina/Library/Application Support/MiKTeX/texmfs/install/tex/g
eneric/pgf/basiclayer/pgfcore.code.tex
(/Users/anveshantimsina/Library/Application Support/MiKTeX/texmfs/install/tex/g
eneric/pgf/math/pgfmath.code.tex
(/Users/anveshantimsina/Library/Application Support/MiKTeX/texmfs/install/tex/g
eneric/pgf/math/pgfmathutil.code.tex)
(/Users/anveshantimsina/Library/Application Support/MiKTeX/texmfs/install/tex/g
eneric/pgf/math/pgfmathparser.code.tex)
(/Users/anveshantimsina/Library/Application Support/MiKTeX/texmfs/install/tex/g
eneric/pgf/math/pgfmathfunctions.code.tex)
(/Users/anveshantimsina/Library/Application Support/MiKTeX/texmfs/install/tex/g
eneric/pgf/math/pgfmathfunctions.basic.code.tex)
(/Users/anveshantimsina/Library/Application Support/MiKTeX/texmfs/install/tex/g
eneric/pgf/math/pgfmathfunctions.trigonometric.code.tex)
(/Users/anveshantimsina/Library/Application Support/MiKTeX/texmfs/install/tex/g
eneric/pgf/math/pgfmathfunctions.random.code.tex)
(/Users/anveshantimsina/Library/Application Support/MiKTeX/texmfs/install/tex/g
eneric/pgf/math/pgfmathfunctions.comparison.code.tex)
(/Users/anveshantimsina/Library/Application Support/MiKTeX/texmfs/install/tex/g
eneric/pgf/math/pgfmathfunctions.base.code.tex)
(/Users/anveshantimsina/Library/Application Support/MiKTeX/texmfs/install/tex/g
eneric/pgf/math/pgfmathfunctions.round.code.tex)
(/Users/anveshantimsina/Library/Application Support/MiKTeX/texmfs/install/tex/g
eneric/pgf/math/pgfmathfunctions.misc.code.tex)
(/Users/anveshantimsina/Library/Application Support/MiKTeX/texmfs/install/tex/g
eneric/pgf/math/pgfmathfunctions.integerarithmetics.code.tex)
(/Users/anveshantimsina/Library/Application Support/MiKTeX/texmfs/install/tex/g
eneric/pgf/math/pgfmathcalc.code.tex)
(/Users/anveshantimsina/Library/Application Support/MiKTeX/texmfs/install/tex/g
eneric/pgf/math/pgfmathfloat.code.tex))
(/Users/anveshantimsina/Library/Application Support/MiKTeX/texmfs/install/tex/g
eneric/pgf/math/pgfint.code.tex)
(/Users/anveshantimsina/Library/Application Support/MiKTeX/texmfs/install/tex/g
eneric/pgf/basiclayer/pgfcorepoints.code.tex)
(/Users/anveshantimsina/Library/Application Support/MiKTeX/texmfs/install/tex/g
eneric/pgf/basiclayer/pgfcorepathconstruct.code.tex)
(/Users/anveshantimsina/Library/Application Support/MiKTeX/texmfs/install/tex/g
eneric/pgf/basiclayer/pgfcorepathusage.code.tex)
(/Users/anveshantimsina/Library/Application Support/MiKTeX/texmfs/install/tex/g
eneric/pgf/basiclayer/pgfcorescopes.code.tex)
(/Users/anveshantimsina/Library/Application Support/MiKTeX/texmfs/install/tex/g
eneric/pgf/basiclayer/pgfcoregraphicstate.code.tex)
(/Users/anveshantimsina/Library/Application Support/MiKTeX/texmfs/install/tex/g
eneric/pgf/basiclayer/pgfcoretransformations.code.tex)
(/Users/anveshantimsina/Library/Application Support/MiKTeX/texmfs/install/tex/g
eneric/pgf/basiclayer/pgfcorequick.code.tex)
(/Users/anveshantimsina/Library/Application Support/MiKTeX/texmfs/install/tex/g
eneric/pgf/basiclayer/pgfcoreobjects.code.tex)
(/Users/anveshantimsina/Library/Application Support/MiKTeX/texmfs/install/tex/g
eneric/pgf/basiclayer/pgfcorepathprocessing.code.tex)
(/Users/anveshantimsina/Library/Application Support/MiKTeX/texmfs/install/tex/g
eneric/pgf/basiclayer/pgfcorearrows.code.tex)
(/Users/anveshantimsina/Library/Application Support/MiKTeX/texmfs/install/tex/g
eneric/pgf/basiclayer/pgfcoreshade.code.tex)
(/Users/anveshantimsina/Library/Application Support/MiKTeX/texmfs/install/tex/g
eneric/pgf/basiclayer/pgfcoreimage.code.tex)
(/Users/anveshantimsina/Library/Application Support/MiKTeX/texmfs/install/tex/g
eneric/pgf/basiclayer/pgfcoreexternal.code.tex)
(/Users/anveshantimsina/Library/Application Support/MiKTeX/texmfs/install/tex/g
eneric/pgf/basiclayer/pgfcorelayers.code.tex)
(/Users/anveshantimsina/Library/Application Support/MiKTeX/texmfs/install/tex/g
eneric/pgf/basiclayer/pgfcoretransparency.code.tex)
(/Users/anveshantimsina/Library/Application Support/MiKTeX/texmfs/install/tex/g
eneric/pgf/basiclayer/pgfcorepatterns.code.tex)
(/Users/anveshantimsina/Library/Application Support/MiKTeX/texmfs/install/tex/g
eneric/pgf/basiclayer/pgfcorerdf.code.tex)))
(/Users/anveshantimsina/Library/Application Support/MiKTeX/texmfs/install/tex/g
eneric/pgf/modules/pgfmoduleshapes.code.tex)
(/Users/anveshantimsina/Library/Application Support/MiKTeX/texmfs/install/tex/g
eneric/pgf/modules/pgfmoduleplot.code.tex)
(/Users/anveshantimsina/Library/Application Support/MiKTeX/texmfs/install/tex/l
atex/pgf/compatibility/pgfcomp-version-0-65.sty)
(/Users/anveshantimsina/Library/Application Support/MiKTeX/texmfs/install/tex/l
atex/pgf/compatibility/pgfcomp-version-1-18.sty))
(/Users/anveshantimsina/Library/Application Support/MiKTeX/texmfs/install/tex/l
atex/pgf/utilities/pgffor.sty
(/Users/anveshantimsina/Library/Application Support/MiKTeX/texmfs/install/tex/l
atex/pgf/math/pgfmath.sty
(/Users/anveshantimsina/Library/Application Support/MiKTeX/texmfs/install/tex/g
eneric/pgf/math/pgfmath.code.tex))
(/Users/anveshantimsina/Library/Application Support/MiKTeX/texmfs/install/tex/g
eneric/pgf/utilities/pgffor.code.tex))
(/Users/anveshantimsina/Library/Application Support/MiKTeX/texmfs/install/tex/g
eneric/pgf/frontendlayer/tikz/tikz.code.tex
(/Users/anveshantimsina/Library/Application Support/MiKTeX/texmfs/install/tex/g
eneric/pgf/libraries/pgflibraryplothandlers.code.tex)
(/Users/anveshantimsina/Library/Application Support/MiKTeX/texmfs/install/tex/g
eneric/pgf/modules/pgfmodulematrix.code.tex)
(/Users/anveshantimsina/Library/Application Support/MiKTeX/texmfs/install/tex/g
eneric/pgf/frontendlayer/tikz/libraries/tikzlibrarytopaths.code.tex)))
(/Users/anveshantimsina/Library/Application Support/MiKTeX/texmfs/install/tex/l
atex/tools/verbatim.sty)
(/Users/anveshantimsina/Library/Application Support/MiKTeX/texmfs/install/tex/l
atex/environ/environ.sty
(/Users/anveshantimsina/Library/Application Support/MiKTeX/texmfs/install/tex/l
atex/trimspaces/trimspaces.sty)))
(/Users/anveshantimsina/Library/Application Support/MiKTeX/texmfs/install/tex/l
atex/pgfplots/pgfplots.sty
(/Users/anveshantimsina/Library/Application Support/MiKTeX/texmfs/install/tex/g
eneric/pgfplots/pgfplots.revision.tex)
(/Users/anveshantimsina/Library/Application Support/MiKTeX/texmfs/install/tex/g
eneric/pgfplots/pgfplots.code.tex
(/Users/anveshantimsina/Library/Application Support/MiKTeX/texmfs/install/tex/g
eneric/pgfplots/pgfplotscore.code.tex
(/Users/anveshantimsina/Library/Application Support/MiKTeX/texmfs/install/tex/g
eneric/pgfplots/sys/pgfplotssysgeneric.code.tex))
(/Users/anveshantimsina/Library/Application Support/MiKTeX/texmfs/install/tex/g
eneric/pgfplots/libs/pgfplotslibrary.code.tex)
(/Users/anveshantimsina/Library/Application Support/MiKTeX/texmfs/install/tex/g
eneric/pgfplots/oldpgfcompatib/pgfplotsoldpgfsupp_loader.code.tex
(/Users/anveshantimsina/Library/Application Support/MiKTeX/texmfs/install/tex/g
eneric/pgf/libraries/pgflibraryfpu.code.tex)
Package pgfplots: loading complementary utilities for your pgf version...

(/Users/anveshantimsina/Library/Application Support/MiKTeX/texmfs/install/tex/g
eneric/pgfplots/oldpgfcompatib/pgfplotsoldpgfsupp_pgfutil-common-lists.tex))
(/Users/anveshantimsina/Library/Application Support/MiKTeX/texmfs/install/tex/g
eneric/pgfplots/util/pgfplotsutil.code.tex
(/Users/anveshantimsina/Library/Application Support/MiKTeX/texmfs/install/tex/g
eneric/pgfplots/liststructure/pgfplotsliststructure.code.tex)
(/Users/anveshantimsina/Library/Application Support/MiKTeX/texmfs/install/tex/g
eneric/pgfplots/liststructure/pgfplotsliststructureext.code.tex)
(/Users/anveshantimsina/Library/Application Support/MiKTeX/texmfs/install/tex/g
eneric/pgfplots/liststructure/pgfplotsarray.code.tex)
(/Users/anveshantimsina/Library/Application Support/MiKTeX/texmfs/install/tex/g
eneric/pgfplots/liststructure/pgfplotsmatrix.code.tex)
(/Users/anveshantimsina/Library/Application Support/MiKTeX/texmfs/install/tex/g
eneric/pgfplots/numtable/pgfplotstableshared.code.tex)
(/Users/anveshantimsina/Library/Application Support/MiKTeX/texmfs/install/tex/g
eneric/pgfplots/liststructure/pgfplotsdeque.code.tex)
(/Users/anveshantimsina/Library/Application Support/MiKTeX/texmfs/install/tex/g
eneric/pgfplots/util/pgfplotsbinary.code.tex
(/Users/anveshantimsina/Library/Application Support/MiKTeX/texmfs/install/tex/g
eneric/pgfplots/util/pgfplotsbinary.data.code.tex))
(/Users/anveshantimsina/Library/Application Support/MiKTeX/texmfs/install/tex/g
eneric/pgfplots/util/pgfplotsutil.verb.code.tex)
(/Users/anveshantimsina/Library/Application Support/MiKTeX/texmfs/install/tex/g
eneric/pgfplots/libs/pgflibrarypgfplots.surfshading.code.tex
(/Users/anveshantimsina/Library/Application Support/MiKTeX/texmfs/install/tex/g
eneric/pgfplots/sys/pgflibrarypgfplots.surfshading.pgfsys-pdftex.def)))
(/Users/anveshantimsina/Library/Application Support/MiKTeX/texmfs/install/tex/g
eneric/pgfplots/util/pgfplotscolormap.code.tex
(/Users/anveshantimsina/Library/Application Support/MiKTeX/texmfs/install/tex/g
eneric/pgfplots/util/pgfplotscolor.code.tex))
(/Users/anveshantimsina/Library/Application Support/MiKTeX/texmfs/install/tex/g
eneric/pgfplots/pgfplotsstackedplots.code.tex)
(/Users/anveshantimsina/Library/Application Support/MiKTeX/texmfs/install/tex/g
eneric/pgfplots/pgfplotsplothandlers.code.tex
(/Users/anveshantimsina/Library/Application Support/MiKTeX/texmfs/install/tex/g
eneric/pgfplots/pgfplotsmeshplothandler.code.tex
(/Users/anveshantimsina/Library/Application Support/MiKTeX/texmfs/install/tex/g
eneric/pgfplots/pgfplotsmeshplotimage.code.tex)))
(/Users/anveshantimsina/Library/Application Support/MiKTeX/texmfs/install/tex/g
eneric/pgfplots/pgfplots.scaling.code.tex)
(/Users/anveshantimsina/Library/Application Support/MiKTeX/texmfs/install/tex/g
eneric/pgfplots/pgfplotscoordprocessing.code.tex)
(/Users/anveshantimsina/Library/Application Support/MiKTeX/texmfs/install/tex/g
eneric/pgfplots/pgfplots.errorbars.code.tex)
(/Users/anveshantimsina/Library/Application Support/MiKTeX/texmfs/install/tex/g
eneric/pgfplots/pgfplots.markers.code.tex)
(/Users/anveshantimsina/Library/Application Support/MiKTeX/texmfs/install/tex/g
eneric/pgfplots/pgfplotsticks.code.tex)
(/Users/anveshantimsina/Library/Application Support/MiKTeX/texmfs/install/tex/g
eneric/pgfplots/pgfplots.paths.code.tex)
(/Users/anveshantimsina/Library/Application Support/MiKTeX/texmfs/install/tex/g
eneric/pgf/frontendlayer/tikz/libraries/tikzlibrarydecorations.code.tex
(/Users/anveshantimsina/Library/Application Support/MiKTeX/texmfs/install/tex/g
eneric/pgf/modules/pgfmoduledecorations.code.tex))
(/Users/anveshantimsina/Library/Application Support/MiKTeX/texmfs/install/tex/g
eneric/pgf/frontendlayer/tikz/libraries/tikzlibrarydecorations.pathmorphing.cod
e.tex
(/Users/anveshantimsina/Library/Application Support/MiKTeX/texmfs/install/tex/g
eneric/pgf/libraries/decorations/pgflibrarydecorations.pathmorphing.code.tex))
(/Users/anveshantimsina/Library/Application Support/MiKTeX/texmfs/install/tex/g
eneric/pgf/frontendlayer/tikz/libraries/tikzlibrarydecorations.pathreplacing.co
de.tex
(/Users/anveshantimsina/Library/Application Support/MiKTeX/texmfs/install/tex/g
eneric/pgf/libraries/decorations/pgflibrarydecorations.pathreplacing.code.tex))

(/Users/anveshantimsina/Library/Application Support/MiKTeX/texmfs/install/tex/g
eneric/pgfplots/libs/tikzlibrarypgfplots.contourlua.code.tex))
(/Users/anveshantimsina/Library/Application Support/MiKTeX/texmfs/install/tex/g
eneric/pgf/frontendlayer/tikz/libraries/tikzlibraryplotmarks.code.tex
(/Users/anveshantimsina/Library/Application Support/MiKTeX/texmfs/install/tex/g
eneric/pgf/libraries/pgflibraryplotmarks.code.tex)))
(/Users/anveshantimsina/Library/Application Support/MiKTeX/texmfs/install/tex/g
eneric/pgf/frontendlayer/tikz/libraries/tikzlibrarypositioning.code.tex)
(/Users/anveshantimsina/Library/Application Support/MiKTeX/texmfs/install/tex/g
eneric/pgf/frontendlayer/tikz/libraries/tikzlibraryshapes.code.tex
(/Users/anveshantimsina/Library/Application Support/MiKTeX/texmfs/install/tex/g
eneric/pgf/frontendlayer/tikz/libraries/tikzlibraryshapes.geometric.code.tex
(/Users/anveshantimsina/Library/Application Support/MiKTeX/texmfs/install/tex/g
eneric/pgf/libraries/shapes/pgflibraryshapes.geometric.code.tex))
(/Users/anveshantimsina/Library/Application Support/MiKTeX/texmfs/install/tex/g
eneric/pgf/frontendlayer/tikz/libraries/tikzlibraryshapes.misc.code.tex
(/Users/anveshantimsina/Library/Application Support/MiKTeX/texmfs/install/tex/g
eneric/pgf/libraries/shapes/pgflibraryshapes.misc.code.tex))
(/Users/anveshantimsina/Library/Application Support/MiKTeX/texmfs/install/tex/g
eneric/pgf/frontendlayer/tikz/libraries/tikzlibraryshapes.symbols.code.tex
(/Users/anveshantimsina/Library/Application Support/MiKTeX/texmfs/install/tex/g
eneric/pgf/libraries/shapes/pgflibraryshapes.symbols.code.tex))
(/Users/anveshantimsina/Library/Application Support/MiKTeX/texmfs/install/tex/g
eneric/pgf/frontendlayer/tikz/libraries/tikzlibraryshapes.arrows.code.tex
(/Users/anveshantimsina/Library/Application Support/MiKTeX/texmfs/install/tex/g
eneric/pgf/libraries/shapes/pgflibraryshapes.arrows.code.tex))
(/Users/anveshantimsina/Library/Application Support/MiKTeX/texmfs/install/tex/g
eneric/pgf/frontendlayer/tikz/libraries/tikzlibraryshapes.callouts.code.tex
(/Users/anveshantimsina/Library/Application Support/MiKTeX/texmfs/install/tex/g
eneric/pgf/libraries/shapes/pgflibraryshapes.callouts.code.tex))
(/Users/anveshantimsina/Library/Application Support/MiKTeX/texmfs/install/tex/g
eneric/pgf/frontendlayer/tikz/libraries/tikzlibraryshapes.multipart.code.tex
(/Users/anveshantimsina/Library/Application Support/MiKTeX/texmfs/install/tex/g
eneric/pgf/libraries/shapes/pgflibraryshapes.multipart.code.tex)))
(/Users/anveshantimsina/Library/Application Support/MiKTeX/texmfs/install/tex/g
eneric/pgf/frontendlayer/tikz/libraries/tikzlibraryarrows.code.tex
(/Users/anveshantimsina/Library/Application Support/MiKTeX/texmfs/install/tex/g
eneric/pgf/libraries/pgflibraryarrows.code.tex))
(src/frontmatter/abbreviations.tex)
(/Users/anveshantimsina/Library/Application Support/MiKTeX/texmfs/install/tex/l
atex/bookmark/bookmark.sty
(/Users/anveshantimsina/Library/Application Support/MiKTeX/texmfs/install/tex/l
atex/bookmark/bkm-pdftex.def))
(/Users/anveshantimsina/Library/Application Support/MiKTeX/texmfs/install/tex/l
atex/psnfss/t1ptm.fd) (main.aux)
Runaway argument?
{\contentsline {figure}{\numberline {6-3}{\ignorespaces Training loss\ETC.
! File ended while scanning use of \@writefile.
<inserted text> 
                \par 
l.27 \begin{document}
                     

(/Users/anveshantimsina/Library/Application Support/MiKTeX/texmfs/install/tex/l
atex/newtx/omlntxmi.fd)
(/Users/anveshantimsina/Library/Application Support/MiKTeX/texmfs/install/tex/l
atex/newtx/untxexa.fd)
(/Users/anveshantimsina/Library/Application Support/MiKTeX/texmfs/install/tex/l
atex/newtx/lmsntxsy.fd)
(/Users/anveshantimsina/Library/Application Support/MiKTeX/texmfs/install/tex/l
atex/newtx/lmxntxexx.fd)
(/Users/anveshantimsina/Library/Application Support/MiKTeX/texmfs/install/tex/l
atex/microtype/mt-ptm.cfg)
*geometry* driver: auto-detecting
*geometry* detected driver: pdftex

(/Users/anveshantimsina/Library/Application Support/MiKTeX/texmfs/install/tex/c
ontext/base/mkii/supp-pdf.mkii
[Loading MPS to PDF converter (version 2006.09.02).]
)
(/Users/anveshantimsina/Library/Application Support/MiKTeX/texmfs/install/tex/l
atex/epstopdf-pkg/epstopdf-base.sty
(/Users/anveshantimsina/Library/Application Support/MiKTeX/texmfs/install/tex/l
atex/00miktex/epstopdf-sys.cfg))
(/Users/anveshantimsina/Library/Application Support/MiKTeX/texmfs/install/tex/l
atex/caption/ltcaption.sty)
(/Users/anveshantimsina/Library/Application Support/MiKTeX/texmfs/install/tex/l
atex/translations/dicts/translations-basic-dictionary-english.trsl)
(/Users/anveshantimsina/Library/Application Support/MiKTeX/texmfs/install/tex/l
atex/pdflscape/pdflscape.sty
(/Users/anveshantimsina/Library/Application Support/MiKTeX/texmfs/install/tex/l
atex/pdflscape/pdflscape-nometadata.sty))
Package pgfplots notification 'compat/show suggested version=true': you might b
enefit from \pgfplotsset{compat=1.18} (current compat level: 1.17).

(src/frontmatter/_coverBase.tex
(/Users/anveshantimsina/Library/Application Support/MiKTeX/texmfs/install/tex/l
atex/newtx/ot1minntx.fd)
(/Users/anveshantimsina/Library/Application Support/MiKTeX/texmfs/install/tex/l
atex/amsfonts/umsa.fd)
(/Users/anveshantimsina/Library/Application Support/MiKTeX/texmfs/install/tex/l
atex/microtype/mt-msa.cfg)
(/Users/anveshantimsina/Library/Application Support/MiKTeX/texmfs/install/tex/l
atex/amsfonts/umsb.fd)
(/Users/anveshantimsina/Library/Application Support/MiKTeX/texmfs/install/tex/l
atex/microtype/mt-msb.cfg)
(/Users/anveshantimsina/Library/Application Support/MiKTeX/texmfs/install/tex/l
atex/newtx/untxmia.fd)
(/Users/anveshantimsina/Library/Application Support/MiKTeX/texmfs/install/tex/l
atex/newtx/untxsym.fd)
(/Users/anveshantimsina/Library/Application Support/MiKTeX/texmfs/install/tex/l
atex/newtx/untxsyc.fd)
[1{/Users/anveshantimsina/Library/Application Support/MiKTeX/texmfs/data/fonts/
map/pdftex/pdftex.map} <./src/images/logo.png>])
(src/frontmatter/_coverWithSupervisors.tex
[2]) (src/frontmatter/declar.tex
(/Users/anveshantimsina/Library/Application Support/MiKTeX/texmfs/install/tex/l
atex/psnfss/t1phv.fd)) (src/frontmatter/certificate.tex
[1]) (src/frontmatter/copyright.tex
[2]) (src/frontmatter/acknow.tex
[3]) (src/frontmatter/abstract.tex
[4]) (src/frontmatter/toc.tex
[5] (main.toc)
[6] (main.lof)
[7] (main.lot)
[8] (main.acr
Overfull \hbox (8.86247pt too wide) in paragraph at lines 35--35
[]|\T1/ptm/m/n/12 (-20) CIRCUITRON| 

[9])
[10]) (src/chapters/intro.tex
chapter 1.

LaTeX Warning: Citation `reddy2021handdrawn' on page 1 undefined on input line 
9.


LaTeX Warning: Citation `sertdemir2022img2sim' on page 1 undefined on input lin
e 9.


LaTeX Warning: Citation `chen2011efficacy' on page 1 undefined on input line 9.




pdfTeX warning (ext4): destination with the same identifier (name{page.1}) has 
been already used, duplicate ignored
<to be read again> 
                   \relax 
l.14 
      [1]
(/Users/anveshantimsina/Library/Application Support/MiKTeX/texmfs/install/tex/l
atex/psnfss/ts1ptm.fd)

pdfTeX warning (ext4): destination with the same identifier (name{page.2}) has 
been already used, duplicate ignored
<to be read again> 
                   \relax 
l.27     \item T
                o visualize the circuit in an editable schematic in addition...
[2]
[3]) (src/chapters/literatureReview.tex
[4]
chapter 2.

LaTeX Warning: Citation `adnan2021cnnbased' on page 5 undefined on input line 3
.


LaTeX Warning: Citation `edwards2000machine' on page 5 undefined on input line 
6.


LaTeX Warning: Citation `kelly2024digitizing' on page 5 undefined on input line
 6.


LaTeX Warning: Citation `yamakaji2023circuit2graph' on page 5 undefined on inpu
t line 10.


LaTeX Warning: Citation `bayer2023instance' on page 5 undefined on input line 1
0.


LaTeX Warning: Citation `abhinav2020electric' on page 5 undefined on input line
 10.


LaTeX Warning: Citation `reddy2021handdrawn' on page 5 undefined on input line 
14.


LaTeX Warning: Citation `hemker2024schematics' on page 5 undefined on input lin
e 14.


[5]

LaTeX Warning: Citation `kicad2024spice' on page 6 undefined on input line 16.


LaTeX Warning: Citation `sertdemir2022img2sim' on page 6 undefined on input lin
e 16.


LaTeX Warning: Citation `vungarala2024spicepilot' on page 6 undefined on input 
line 20.


[6]) (src/chapters/requirements.tex
[7]
chapter 3.

[8]
[9]
[10]
[11]
[12]) (src/chapters/systemArchitectureAndMethodology.tex
[13]
chapter 4.

[14 <./src/images/figures/block_diagram.png>]
[15]
[16 <./src/images/figures/yolov7_architecture.png>]
[17]
[18 <./src/images/figures/easyocr_architecture.png>]

LaTeX Warning: File `src/images/figures/trocr.png' not found on input line 144.



! Package pdftex.def Error: File `src/images/figures/trocr.png' not found: usin
g draft setting.

See the pdftex.def package documentation for explanation.
Type  H <return>  for immediate help.
 ...                                              
                                                  
l.144 ...\textwidth]{src/images/figures/trocr.png}
                                                  

(/Users/anveshantimsina/Library/Application Support/MiKTeX/texmfs/install/tex/l
atex/psnfss/t1pcr.fd)
[19]
[20]
[21]
[22]
[23]
[24]
[25]
[26]
[27]
[28 <./src/images/figures/use_case_diagram.png>]
[29]
[30]
[31 <./src/images/figures/flowchart.png>]
[32]
[33]) (src/chapters/implementationDetails.tex
[34]
chapter 5.

(/Users/anveshantimsina/Library/Application Support/MiKTeX/texmfs/install/tex/l
atex/listings/lstlang1.sty)
(/Users/anveshantimsina/Library/Application Support/MiKTeX/texmfs/install/tex/l
atex/listings/lstmisc.sty)
[35]
pdfTeX warning (ext4): destination with the same identifier (name{ALG@line.1}) 
has been already used, duplicate ignored
<to be read again> 
                   \relax 
l.57 \State
            Parse XML file $X$ into tree structure
pdfTeX warning (ext4): destination with the same identifier (name{ALG@line.2}) 
has been already used, duplicate ignored
<to be read again> 
                   \relax 
l.58 \State
            $Y \leftarrow \emptyset$
pdfTeX warning (ext4): destination with the same identifier (name{ALG@line.3}) 
has been already used, duplicate ignored
<to be read again> 
                   \relax 
l.59 \For
         {all object nodes $o$ in XML root}
pdfTeX warning (ext4): destination with the same identifier (name{ALG@line.4}) 
has been already used, duplicate ignored
<to be read again> 
                   \relax 
l.60     \State
                $\text{clsname} \leftarrow$ class name of $o$
pdfTeX warning (ext4): destination with the same identifier (name{ALG@line.5}) 
has been already used, duplicate ignored
<to be read again> 
                   \relax 
l.61     \If
            {$\text{clsname} \notin C$}
pdfTeX warning (ext4): destination with the same identifier (name{ALG@line.6}) 
has been already used, duplicate ignored
<to be read again> 
                   \relax 
l.62         \State
                    \textbf{continue}
pdfTeX warning (ext4): destination with the same identifier (name{ALG@line.7}) 
has been already used, duplicate ignored
<to be read again> 
                   \relax 
l.63     \EndIf
               
pdfTeX warning (ext4): destination with the same identifier (name{ALG@line.8}) 
has been already used, duplicate ignored
<to be read again> 
                   \relax 
l.64     \State
                $\text{clsid} \leftarrow C[\text{clsname}]$
pdfTeX warning (ext4): destination with the same identifier (name{ALG@line.9}) 
has been already used, duplicate ignored
<to be read again> 
                   \relax 
l.65     \State
                Extract bounding box $(x_{\min}, y_{\min}, x_{\max}, y_{\max...

pdfTeX warning (ext4): destination with the same identifier (name{ALG@line.10})
 has been already used, duplicate ignored
<to be read again> 
                   \relax 
l.66     \State
                Convert VOC coordinates to normalized YOLO format
[36]
pdfTeX warning (ext4): destination with the same identifier (name{ALG@line.1}) 
has been already used, duplicate ignored
<to be read again> 
                   \relax 
l.111 \State
             Load image $I$ into memory
pdfTeX warning (ext4): destination with the same identifier (name{ALG@line.2}) 
has been already used, duplicate ignored
<to be read again> 
                   \relax 
l.112 \State
             Crop image using coordinates $[y_{\min} : y_{\max}, x_{\min} : ...

pdfTeX warning (ext4): destination with the same identifier (name{ALG@line.3}) 
has been already used, duplicate ignored
<to be read again> 
                   \relax 
l.113 \State
             Resize cropped image to size $(W, H)$
pdfTeX warning (ext4): destination with the same identifier (name{ALG@line.4}) 
has been already used, duplicate ignored
<to be read again> 
                   \relax 
l.114 \State
             Convert cropped image to byte representation
pdfTeX warning (ext4): destination with the same identifier (name{ALG@line.5}) 
has been already used, duplicate ignored
<to be read again> 
                   \relax 
l.115 \State
             Convert image array to PIL image
pdfTeX warning (ext4): destination with the same identifier (name{ALG@line.6}) 
has been already used, duplicate ignored
<to be read again> 
                   \relax 
l.116 \State
             Initialize in-memory byte buffer
pdfTeX warning (ext4): destination with the same identifier (name{ALG@line.7}) 
has been already used, duplicate ignored
<to be read again> 
                   \relax 
l.117 \State
             Save image to buffer in JPEG format
pdfTeX warning (ext4): destination with the same identifier (name{ALG@line.8}) 
has been already used, duplicate ignored
<to be read again> 
                   \relax 
l.118 \State
             Extract byte stream from buffer
pdfTeX warning (ext4): destination with the same identifier (name{ALG@line.9}) 
has been already used, duplicate ignored
<to be read again> 
                   \relax 
l.119 \State
             Store image and label in \gls{lmdb}
pdfTeX warning (ext4): destination with the same identifier (name{ALG@line.10})
 has been already used, duplicate ignored
<to be read again> 
                   \relax 
l.120 \State
             Open \gls{lmdb} environment with predefined map size
pdfTeX warning (ext4): destination with the same identifier (name{ALG@line.11})
 has been already used, duplicate ignored
<to be read again> 
                   \relax 
l.121 \State
             Begin write transaction
pdfTeX warning (ext4): destination with the same identifier (name{ALG@line.12})
 has been already used, duplicate ignored
<to be read again> 
                   \relax 
l.122 \State
             Store image bytes with key \texttt{image-00001}
pdfTeX warning (ext4): destination with the same identifier (name{ALG@line.13})
 has been already used, duplicate ignored
<to be read again> 
                   \relax 
l.123 \State
             Store corresponding label with key \texttt{label-00001}
pdfTeX warning (ext4): destination with the same identifier (name{ALG@line.14})
 has been already used, duplicate ignored
<to be read again> 
                   \relax 
l.124 \State
             Store total sample count with key \texttt{num-samples}
pdfTeX warning (ext4): destination with the same identifier (name{ALG@line.15})
 has been already used, duplicate ignored
<to be read again> 
                   \relax 
l.125 \State
             Commit transaction
pdfTeX warning (ext4): destination with the same identifier (name{ALG@line.16})
 has been already used, duplicate ignored
<to be read again> 
                   \relax 
l.126 \State
             \Return \gls{lmdb} environment
[37]
Overfull \hbox (0.79776pt too wide) in paragraph at lines 175--196
 [][] 

[38]
[39]
[40]
pdfTeX warning (ext4): destination with the same identifier (name{ALG@line.1}) 
has been already used, duplicate ignored
<to be read again> 
                   \relax 
l.250 \State
             $S \leftarrow \emptyset$
pdfTeX warning (ext4): destination with the same identifier (name{ALG@line.2}) 
has been already used, duplicate ignored
<to be read again> 
                   \relax 
l.251 \For
          {all pairs $(j_a, j_b) \in \text{Combinations}(J, 2)$}
pdfTeX warning (ext4): destination with the same identifier (name{ALG@line.3}) 
has been already used, duplicate ignored
<to be read again> 
                   \relax 
l.252     \State
                 $\Delta x \leftarrow j_b.x - j_a.x$
pdfTeX warning (ext4): destination with the same identifier (name{ALG@line.4}) 
has been already used, duplicate ignored
<to be read again> 
                   \relax 
l.253     \State
                 $\Delta y \leftarrow j_b.y - j_a.y$
pdfTeX warning (ext4): destination with the same identifier (name{ALG@line.5}) 
has been already used, duplicate ignored
<to be read again> 
                   \relax 
l.254     \State
                 $\theta \leftarrow \text{atan2}(\Delta y, \Delta x)$
pdfTeX warning (ext4): destination with the same identifier (name{ALG@line.6}) 
has been already used, duplicate ignored
<to be read again> 
                   \relax 
l.255     \If
             {$|\theta| \le \omega_{\text{tol}} \lor |\theta - 180^\circ| \l...

pdfTeX warning (ext4): destination with the same identifier (name{ALG@line.7}) 
has been already used, duplicate ignored
<to be read again> 
                   \relax 
l.256         \State
                     \textbf{Horizontal alignment check}
pdfTeX warning (ext4): destination with the same identifier (name{ALG@line.8}) 
has been already used, duplicate ignored
<to be read again> 
                   \relax 
l.257         \State
                     $y_{\text{avg}} \leftarrow \frac{j_a.y + j_b.y}{2}$
pdfTeX warning (ext4): destination with the same identifier (name{ALG@line.9}) 
has been already used, duplicate ignored
<to be read again> 
                   \relax 
l.258         \State
                     $y_{\text{snap}} \leftarrow \text{Round}\left(\frac{y_{...

pdfTeX warning (ext4): destination with the same identifier (name{ALG@line.10})
 has been already used, duplicate ignored
<to be read again> 
                   \relax 
l.259         \State
                     $S \leftarrow S \cup \{(H, y_{\text{snap}}, \min(j_a.x,...

pdfTeX warning (ext4): destination with the same identifier (name{ALG@line.11})
 has been already used, duplicate ignored
<to be read again> 
                   \relax 
l.260     \ElsIf
                {$|\theta - 90^\circ| \le \omega_{\text{tol}} \lor |\theta -...

pdfTeX warning (ext4): destination with the same identifier (name{ALG@line.12})
 has been already used, duplicate ignored
<to be read again> 
                   \relax 
l.261         \State
                     \textbf{Vertical alignment check}
pdfTeX warning (ext4): destination with the same identifier (name{ALG@line.13})
 has been already used, duplicate ignored
<to be read again> 
                   \relax 
l.262         \State
                     $x_{\text{avg}} \leftarrow \frac{j_a.x + j_b.x}{2}$
pdfTeX warning (ext4): destination with the same identifier (name{ALG@line.14})
 has been already used, duplicate ignored
<to be read again> 
                   \relax 
l.263         \State
                     $x_{\text{snap}} \leftarrow \text{Round}\left(\frac{x_{...

pdfTeX warning (ext4): destination with the same identifier (name{ALG@line.15})
 has been already used, duplicate ignored
<to be read again> 
                   \relax 
l.264         \State
                     $S \leftarrow S \cup \{(V, x_{\text{snap}}, \min(j_a.y,...

pdfTeX warning (ext4): destination with the same identifier (name{ALG@line.16})
 has been already used, duplicate ignored
<to be read again> 
                   \relax 
l.265     \EndIf
                
pdfTeX warning (ext4): destination with the same identifier (name{ALG@line.17})
 has been already used, duplicate ignored
<to be read again> 
                   \relax 
l.266 \EndFor
             
pdfTeX warning (ext4): destination with the same identifier (name{ALG@line.1}) 
has been already used, duplicate ignored
<to be read again> 
                   \relax 
l.281 \State
             Sort $L$ by primary axis, then by starting coordinate
pdfTeX warning (ext4): destination with the same identifier (name{ALG@line.2}) 
has been already used, duplicate ignored
<to be read again> 
                   \relax 
l.282 \State
             $M \leftarrow \emptyset$
pdfTeX warning (ext4): destination with the same identifier (name{ALG@line.3}) 
has been already used, duplicate ignored
<to be read again> 
                   \relax 
l.283 \State
             $\text{curr} \leftarrow L[0]$
pdfTeX warning (ext4): destination with the same identifier (name{ALG@line.4}) 
has been already used, duplicate ignored
<to be read again> 
                   \relax 
l.284 \For
          {all $\text{next} \in L[1 \ldots N]$}
pdfTeX warning (ext4): destination with the same identifier (name{ALG@line.5}) 
has been already used, duplicate ignored
<to be read again> 
                   \relax 
l.285     \If
             {$|\text{curr.axis} - \text{next.axis}| \le \omega \land \text{...

pdfTeX warning (ext4): destination with the same identifier (name{ALG@line.6}) 
has been already used, duplicate ignored
<to be read again> 
                   \relax 
l.286         \State
                     $\text{curr.start} \leftarrow \min(\text{curr.start}, \...

pdfTeX warning (ext4): destination with the same identifier (name{ALG@line.7}) 
has been already used, duplicate ignored
<to be read again> 
                   \relax 
l.287         \State
                     $\text{curr.end} \leftarrow \max(\text{curr.end}, \text...

pdfTeX warning (ext4): destination with the same identifier (name{ALG@line.8}) 
has been already used, duplicate ignored
<to be read again> 
                   \relax 
l.288         \If
                 {$\text{Length}(\text{next}) > \text{Length}(\text{curr})$}
pdfTeX warning (ext4): destination with the same identifier (name{ALG@line.9}) 
has been already used, duplicate ignored
<to be read again> 
                   \relax 
l.289             \State
                         \textbf{Preserve axis of the longer segment}
pdfTeX warning (ext4): destination with the same identifier (name{ALG@line.10})
 has been already used, duplicate ignored
<to be read again> 
                   \relax 
l.290             \State
                         $\text{curr.axis} \leftarrow \text{next.axis}$
pdfTeX warning (ext4): destination with the same identifier (name{ALG@line.11})
 has been already used, duplicate ignored
<to be read again> 
                   \relax 
l.291         \EndIf
                    
pdfTeX warning (ext4): destination with the same identifier (name{ALG@line.12})
 has been already used, duplicate ignored
<to be read again> 
                   \relax 
l.292     \Else
               
pdfTeX warning (ext4): destination with the same identifier (name{ALG@line.13})
 has been already used, duplicate ignored
<to be read again> 
                   \relax 
l.293         \State
                     $M \leftarrow M \cup \{\text{curr}\}$
pdfTeX warning (ext4): destination with the same identifier (name{ALG@line.14})
 has been already used, duplicate ignored
<to be read again> 
                   \relax 
l.294         \State
                     $\text{curr} \leftarrow \text{next}$
pdfTeX warning (ext4): destination with the same identifier (name{ALG@line.15})
 has been already used, duplicate ignored
<to be read again> 
                   \relax 
l.295     \EndIf
                
pdfTeX warning (ext4): destination with the same identifier (name{ALG@line.16})
 has been already used, duplicate ignored
<to be read again> 
                   \relax 
l.296 \EndFor
             
pdfTeX warning (ext4): destination with the same identifier (name{ALG@line.17})
 has been already used, duplicate ignored
<to be read again> 
                   \relax 
l.297 \State
             $M \leftarrow M \cup \{\text{curr}\}$
[41]
pdfTeX warning (ext4): destination with the same identifier (name{ALG@line.1}) 
has been already used, duplicate ignored
<to be read again> 
                   \relax 
l.310 \State
             Parse label file $L$
pdfTeX warning (ext4): destination with the same identifier (name{ALG@line.2}) 
has been already used, duplicate ignored
<to be read again> 
                   \relax 
l.311 \State
             Convert normalized bounding boxes to pixel coordinates
pdfTeX warning (ext4): destination with the same identifier (name{ALG@line.3}) 
has been already used, duplicate ignored
<to be read again> 
                   \relax 
l.312 \State
             Discard non-component classes
pdfTeX warning (ext4): destination with the same identifier (name{ALG@line.4}) 
has been already used, duplicate ignored
<to be read again> 
                   \relax 
l.313 \State
             Store component boxes $B$
pdfTeX warning (ext4): destination with the same identifier (name{ALG@line.5}) 
has been already used, duplicate ignored
<to be read again> 
                   \relax 
l.314 \State
             \textbf{Detect intersections between wires and components}
pdfTeX warning (ext4): destination with the same identifier (name{ALG@line.6}) 
has been already used, duplicate ignored
<to be read again> 
                   \relax 
l.315 \State
             $P \leftarrow \emptyset$
pdfTeX warning (ext4): destination with the same identifier (name{ALG@line.7}) 
has been already used, duplicate ignored
<to be read again> 
                   \relax 
l.316 \For
          {all wire $w \in W$}
pdfTeX warning (ext4): destination with the same identifier (name{ALG@line.8}) 
has been already used, duplicate ignored
<to be read again> 
                   \relax 
l.317     \For
              {all box $b \in B$}
pdfTeX warning (ext4): destination with the same identifier (name{ALG@line.9}) 
has been already used, duplicate ignored
<to be read again> 
                   \relax 
l.318         \If
                 {$w$ is horizontal and crosses left or right edge of $b$}
pdfTeX warning (ext4): destination with the same identifier (name{ALG@line.10})
 has been already used, duplicate ignored
<to be read again> 
                   \relax 
l.319             \State
                         Add intersection point to $P$
pdfTeX warning (ext4): destination with the same identifier (name{ALG@line.11})
 has been already used, duplicate ignored
<to be read again> 
                   \relax 
l.320         \ElsIf
                    {$w$ is vertical and crosses top or bottom edge of $b$}
pdfTeX warning (ext4): destination with the same identifier (name{ALG@line.12})
 has been already used, duplicate ignored
<to be read again> 
                   \relax 
l.321             \State
                         Add intersection point to $P$
pdfTeX warning (ext4): destination with the same identifier (name{ALG@line.13})
 has been already used, duplicate ignored
<to be read again> 
                   \relax 
l.322         \EndIf
                    
pdfTeX warning (ext4): destination with the same identifier (name{ALG@line.14})
 has been already used, duplicate ignored
<to be read again> 
                   \relax 
l.323     \EndFor
                 
pdfTeX warning (ext4): destination with the same identifier (name{ALG@line.15})
 has been already used, duplicate ignored
<to be read again> 
                   \relax 
l.324 \EndFor
             
pdfTeX warning (ext4): destination with the same identifier (name{ALG@line.16})
 has been already used, duplicate ignored
<to be read again> 
                   \relax 
l.325 \State
             Draw wires, component boxes, and intersection points on image
pdfTeX warning (ext4): destination with the same identifier (name{ALG@line.17})
 has been already used, duplicate ignored
<to be read again> 
                   \relax 
l.326 \State
             Save output visualization
pdfTeX warning (ext4): destination with the same identifier (name{ALG@line.18})
 has been already used, duplicate ignored
<to be read again> 
                   \relax 
l.327 \State
             \Return $P$
pdfTeX warning (ext4): destination with the same identifier (name{ALG@line.1}) 
has been already used, duplicate ignored
<to be read again> 
                   \relax 
l.344 \State
             $M \gets$ array of size $H \times W$ initialized to $-1$
pdfTeX warning (ext4): destination with the same identifier (name{ALG@line.2}) 
has been already used, duplicate ignored
<to be read again> 
                   \relax 
l.345 \State
             $\mathcal{D} \gets \text{DiskMask}(r)$
pdfTeX warning (ext4): destination with the same identifier (name{ALG@line.3}) 
has been already used, duplicate ignored
<to be read again> 
                   \relax 
l.347 \For
          {$i \gets 0$ \textbf{to} $n-1$}
pdfTeX warning (ext4): destination with the same identifier (name{ALG@line.4}) 
has been already used, duplicate ignored
<to be read again> 
                   \relax 
l.348     \State
                 $(n_x, n_y) \gets \mathcal{N}[i]$
pdfTeX warning (ext4): destination with the same identifier (name{ALG@line.5}) 
has been already used, duplicate ignored
<to be read again> 
                   \relax 
l.349     \For
              {each $(dy, dx) \in \mathcal{D}$}
pdfTeX warning (ext4): destination with the same identifier (name{ALG@line.6}) 
has been already used, duplicate ignored
<to be read again> 
                   \relax 
l.350         \State
                     $(p_y, p_x) \gets (n_y + dy, n_x + dx)$
pdfTeX warning (ext4): destination with the same identifier (name{ALG@line.7}) 
has been already used, duplicate ignored
<to be read again> 
                   \relax 
l.351         \If
                 {$0 \leq p_y < H$ \textbf{and} $0 \leq p_x < W$}
pdfTeX warning (ext4): destination with the same identifier (name{ALG@line.8}) 
has been already used, duplicate ignored
<to be read again> 
                   \relax 
l.352             \State
                         $M[p_y][p_x] \gets i$
pdfTeX warning (ext4): destination with the same identifier (name{ALG@line.9}) 
has been already used, duplicate ignored
<to be read again> 
                   \relax 
l.353         \EndIf
                    
pdfTeX warning (ext4): destination with the same identifier (name{ALG@line.10})
 has been already used, duplicate ignored
<to be read again> 
                   \relax 
l.354     \EndFor
                 
pdfTeX warning (ext4): destination with the same identifier (name{ALG@line.11})
 has been already used, duplicate ignored
<to be read again> 
                   \relax 
l.355 \EndFor
             
pdfTeX warning (ext4): destination with the same identifier (name{ALG@line.12})
 has been already used, duplicate ignored
<to be read again> 
                   \relax 
l.357 \State
             \Return $M$
[42
pdfTeX warning (ext4): destination with the same identifier (name{ALG@line.18})
 has been already used, duplicate ignored
<argument> ...shipout:D \box_use:N \l_shipout_box 
                                                  \__shipout_drop_firstpage_...
l.360 
      ]
pdfTeX warning (ext4): destination with the same identifier (name{ALG@line.1}) 
has been already used, duplicate ignored
<to be read again> 
                   \relax 
l.370 \State
             $(n_x, n_y) \gets \mathcal{N}[i]$
pdfTeX warning (ext4): destination with the same identifier (name{ALG@line.2}) 
has been already used, duplicate ignored
<to be read again> 
                   \relax 
l.371 \State
             $\mathcal{A}_i \gets \emptyset$
pdfTeX warning (ext4): destination with the same identifier (name{ALG@line.3}) 
has been already used, duplicate ignored
<to be read again> 
                   \relax 
l.372 \State
             $V \gets$ boolean array of size $H \times W$ initialized to \te...

pdfTeX warning (ext4): destination with the same identifier (name{ALG@line.4}) 
has been already used, duplicate ignored
<to be read again> 
                   \relax 
l.373 \State
             $\mathcal{D} \gets \text{DiskMask}(r)$
pdfTeX warning (ext4): destination with the same identifier (name{ALG@line.5}) 
has been already used, duplicate ignored
<to be read again> 
                   \relax 
l.375 \For
          {each $(dy, dx) \in \mathcal{D}$}
pdfTeX warning (ext4): destination with the same identifier (name{ALG@line.6}) 
has been already used, duplicate ignored
<to be read again> 
                   \relax 
l.376     \State
                 $(p_y, p_x) \gets (n_y + dy, n_x + dx)$
pdfTeX warning (ext4): destination with the same identifier (name{ALG@line.7}) 
has been already used, duplicate ignored
<to be read again> 
                   \relax 
l.377     \If
             {$0 \leq p_y < H$ \textbf{and} $0 \leq p_x < W$}
pdfTeX warning (ext4): destination with the same identifier (name{ALG@line.8}) 
has been already used, duplicate ignored
<to be read again> 
                   \relax 
l.378         \State
                     $V[p_y][p_x] \gets \texttt{true}$
pdfTeX warning (ext4): destination with the same identifier (name{ALG@line.9}) 
has been already used, duplicate ignored
<to be read again> 
                   \relax 
l.379     \EndIf
                
pdfTeX warning (ext4): destination with the same identifier (name{ALG@line.10})
 has been already used, duplicate ignored
<to be read again> 
                   \relax 
l.380 \EndFor
             
pdfTeX warning (ext4): destination with the same identifier (name{ALG@line.11})
 has been already used, duplicate ignored
<to be read again> 
                   \relax 
l.382 \State
             $Q \gets$ empty queue
pdfTeX warning (ext4): destination with the same identifier (name{ALG@line.12})
 has been already used, duplicate ignored
<to be read again> 
                   \relax 
l.383 \For
          {each $(dy, dx) \in \mathcal{D}$}
pdfTeX warning (ext4): destination with the same identifier (name{ALG@line.13})
 has been already used, duplicate ignored
<to be read again> 
                   \relax 
l.384     \State
                 $(p_y, p_x) \gets (n_y + dy, n_x + dx)$
pdfTeX warning (ext4): destination with the same identifier (name{ALG@line.14})
 has been already used, duplicate ignored
<to be read again> 
                   \relax 
l.385     \For
              {each $(n_y', n_x') \in \text{Neighbors8}(p_y, p_x)$}
pdfTeX warning (ext4): destination with the same identifier (name{ALG@line.15})
 has been already used, duplicate ignored
<to be read again> 
                   \relax 
l.386         \If
                 {$\neg V[n_y'][n_x']$ \textbf{and} $S[n_y'][n_x'] > 0$}
pdfTeX warning (ext4): destination with the same identifier (name{ALG@line.16})
 has been already used, duplicate ignored
<to be read again> 
                   \relax 
l.387             \State
                         $V[n_y'][n_x'] \gets \texttt{true}$
pdfTeX warning (ext4): destination with the same identifier (name{ALG@line.17})
 has been already used, duplicate ignored
<to be read again> 
                   \relax 
l.388             \State
                         $Q.\text{enqueue}((n_y', n_x'))$
pdfTeX warning (ext4): destination with the same identifier (name{ALG@line.18})
 has been already used, duplicate ignored
<to be read again> 
                   \relax 
l.389         \EndIf
                    
[43]
pdfTeX warning (ext4): destination with the same identifier (name{ALG@line.1}) 
has been already used, duplicate ignored
<to be read again> 
                   \relax 
l.423 \State
             $\mathcal{G}' \gets \mathcal{G}$
pdfTeX warning (ext4): destination with the same identifier (name{ALG@line.2}) 
has been already used, duplicate ignored
<to be read again> 
                   \relax 
l.425 \For
          {each $(p_1, p_2) \in \mathcal{P}$}
pdfTeX warning (ext4): destination with the same identifier (name{ALG@line.3}) 
has been already used, duplicate ignored
<to be read again> 
                   \relax 
l.426     \State
                 $i \gets \text{FindIndex}(p_1, \mathcal{N})$
pdfTeX warning (ext4): destination with the same identifier (name{ALG@line.4}) 
has been already used, duplicate ignored
<to be read again> 
                   \relax 
l.427     \State
                 $j \gets \text{FindIndex}(p_2, \mathcal{N})$
pdfTeX warning (ext4): destination with the same identifier (name{ALG@line.5}) 
has been already used, duplicate ignored
<to be read again> 
                   \relax 
l.429     \If
             {$i \neq -1$ \textbf{and} $j \neq -1$}
pdfTeX warning (ext4): destination with the same identifier (name{ALG@line.6}) 
has been already used, duplicate ignored
<to be read again> 
                   \relax 
l.430         \State
                     $\mathcal{G}'[i] \gets \mathcal{G}'[i] \setminus \{j\}$
pdfTeX warning (ext4): destination with the same identifier (name{ALG@line.7}) 
has been already used, duplicate ignored
<to be read again> 
                   \relax 
l.431         \State
                     $\mathcal{G}'[j] \gets \mathcal{G}'[j] \setminus \{i\}$
pdfTeX warning (ext4): destination with the same identifier (name{ALG@line.8}) 
has been already used, duplicate ignored
<to be read again> 
                   \relax 
l.432     \EndIf
                
pdfTeX warning (ext4): destination with the same identifier (name{ALG@line.9}) 
has been already used, duplicate ignored
<to be read again> 
                   \relax 
l.433 \EndFor
             
pdfTeX warning (ext4): destination with the same identifier (name{ALG@line.10})
 has been already used, duplicate ignored
<to be read again> 
                   \relax 
l.435 \State
             \Return $\mathcal{G}'$
[44]
Overfull \hbox (10.83952pt too wide) in paragraph at lines 447--459
 [][] 

[45]
pdfTeX warning (ext4): destination with the same identifier (name{ALG@line.1}) 
has been already used, duplicate ignored
<to be read again> 
                   \relax 
l.503 \For
          {each detection $r \in \mathcal{R}$ with $r.\mathrm{cls} = 1$}
pdfTeX warning (ext4): destination with the same identifier (name{ALG@line.2}) 
has been already used, duplicate ignored
<to be read again> 
                   \relax 
l.504     \State
                 $a \gets$ node index of $r$'s endpoint in $\mathbf{p}$
pdfTeX warning (ext4): destination with the same identifier (name{ALG@line.3}) 
has been already used, duplicate ignored
<to be read again> 
                   \relax 
l.505     \If
             {$a = -1$ \textbf{or} $|\mathcal{G}[a]| \neq 4$}
pdfTeX warning (ext4): destination with the same identifier (name{ALG@line.4}) 
has been already used, duplicate ignored
<to be read again> 
                   \relax 
l.506         \State
                     \textbf{continue}
pdfTeX warning (ext4): destination with the same identifier (name{ALG@line.5}) 
has been already used, duplicate ignored
<to be read again> 
                   \relax 
l.507     \EndIf
                
pdfTeX warning (ext4): destination with the same identifier (name{ALG@line.6}) 
has been already used, duplicate ignored
<to be read again> 
                   \relax 
l.508     \State
                 $\{n_1, n_2, n_3, n_4\} \gets \mathcal{G}[a]$
pdfTeX warning (ext4): destination with the same identifier (name{ALG@line.7}) 
has been already used, duplicate ignored
<to be read again> 
                   \relax 
l.509     \For
              {each neighbor $n_k$}
pdfTeX warning (ext4): destination with the same identifier (name{ALG@line.8}) 
has been already used, duplicate ignored
<to be read again> 
                   \relax 
l.510         \State
                     $\hat{\mathbf{d}}_k \gets \dfrac{\mathbf{p}[n_k] - \mat...

pdfTeX warning (ext4): destination with the same identifier (name{ALG@line.9}) 
has been already used, duplicate ignored
<to be read again> 
                   \relax 
l.511     \EndFor
                 
pdfTeX warning (ext4): destination with the same identifier (name{ALG@line.10})
 has been already used, duplicate ignored
<to be read again> 
                   \relax 
l.512     \State
                 $S^* \gets +\infty$, \; $\Pi^* \gets \varnothing$
pdfTeX warning (ext4): destination with the same identifier (name{ALG@line.11})
 has been already used, duplicate ignored
<to be read again> 
                   \relax 
l.513     \For
              {each pairing $\Pi = \{(n_i, n_j), (n_k, n_l)\}$ of the 4 neig...

pdfTeX warning (ext4): destination with the same identifier (name{ALG@line.12})
 has been already used, duplicate ignored
<to be read again> 
                   \relax 
l.514         \State
                     $S \gets \hat{\mathbf{d}}_i \cdot \hat{\mathbf{d}}_j + ...

pdfTeX warning (ext4): destination with the same identifier (name{ALG@line.13})
 has been already used, duplicate ignored
<to be read again> 
                   \relax 
l.515         \If
                 {$S < S^*$}
pdfTeX warning (ext4): destination with the same identifier (name{ALG@line.14})
 has been already used, duplicate ignored
<to be read again> 
                   \relax 
l.516             \State
                         $S^* \gets S$, \; $\Pi^* \gets \Pi$
pdfTeX warning (ext4): destination with the same identifier (name{ALG@line.15})
 has been already used, duplicate ignored
<to be read again> 
                   \relax 
l.517         \EndIf
                    
pdfTeX warning (ext4): destination with the same identifier (name{ALG@line.16})
 has been already used, duplicate ignored
<to be read again> 
                   \relax 
l.518     \EndFor
                 
pdfTeX warning (ext4): destination with the same identifier (name{ALG@line.17})
 has been already used, duplicate ignored
<to be read again> 
                   \relax 
l.519     \State
                 $\{(n_a, n_b), (n_c, n_d)\} \gets \Pi^*$
pdfTeX warning (ext4): destination with the same identifier (name{ALG@line.18})
 has been already used, duplicate ignored
<to be read again> 
                   \relax 
l.520     \If
             {$\hat{\mathbf{d}}_a \cdot \hat{\mathbf{d}}_b > -0.7$ \textbf{o...

pdfTeX warning (ext4): destination with the same identifier (name{ALG@line.19})
 has been already used, duplicate ignored
<to be read again> 
                   \relax 
l.521         \State
                     \textbf{continue}
pdfTeX warning (ext4): destination with the same identifier (name{ALG@line.20})
 has been already used, duplicate ignored
<to be read again> 
                   \relax 
l.522     \EndIf
                
pdfTeX warning (ext4): destination with the same identifier (name{ALG@line.21})
 has been already used, duplicate ignored
<to be read again> 
                   \relax 
l.523     \For
              {each neighbor $n_k \in \{n_a, n_b, n_c, n_d\}$}
pdfTeX warning (ext4): destination with the same identifier (name{ALG@line.22})
 has been already used, duplicate ignored
<to be read again> 
                   \relax 
l.524         \State
                     $\mathcal{G}[n_k] \gets \mathcal{G}[n_k] \setminus \{a\}$
pdfTeX warning (ext4): destination with the same identifier (name{ALG@line.23})
 has been already used, duplicate ignored
<to be read again> 
                   \relax 
l.525     \EndFor
                 
pdfTeX warning (ext4): destination with the same identifier (name{ALG@line.24})
 has been already used, duplicate ignored
<to be read again> 
                   \relax 
l.526     \State
                 Remove $a$ from $\mathcal{G}$
pdfTeX warning (ext4): destination with the same identifier (name{ALG@line.25})
 has been already used, duplicate ignored
<to be read again> 
                   \relax 
l.527     \State
                 Add edges $(n_a, n_b)$ and $(n_c, n_d)$ to $\mathcal{G}$
pdfTeX warning (ext4): destination with the same identifier (name{ALG@line.26})
 has been already used, duplicate ignored
<to be read again> 
                   \relax 
l.528 \EndFor
             
pdfTeX warning (ext4): destination with the same identifier (name{ALG@line.27})
 has been already used, duplicate ignored
<to be read again> 
                   \relax 
l.530 \State
             \Return $\mathcal{G}$
[46]
[47]
[48 <./src/images/figures/backend_req_res.png>]
pdfTeX warning (ext4): destination with the same identifier (name{ALG@line.1}) 
has been already used, duplicate ignored
<to be read again> 
                   \relax 
l.609 \State
             Define regular expression patterns for resistance, capacitance,...

pdfTeX warning (ext4): destination with the same identifier (name{ALG@line.2}) 
has been already used, duplicate ignored
<to be read again> 
                   \relax 
l.610 \State
             $V \leftarrow \emptyset$
pdfTeX warning (ext4): destination with the same identifier (name{ALG@line.3}) 
has been already used, duplicate ignored
<to be read again> 
                   \relax 
l.611 \For
          {all text entry $t \in T$}
pdfTeX warning (ext4): destination with the same identifier (name{ALG@line.4}) 
has been already used, duplicate ignored
<to be read again> 
                   \relax 
l.612     \If
             {$t.\text{text}$ matches any defined pattern}
pdfTeX warning (ext4): destination with the same identifier (name{ALG@line.5}) 
has been already used, duplicate ignored
<to be read again> 
                   \relax 
l.613         \State
                     Append $t$ to $V$
pdfTeX warning (ext4): destination with the same identifier (name{ALG@line.6}) 
has been already used, duplicate ignored
<to be read again> 
                   \relax 
l.614     \EndIf
                
pdfTeX warning (ext4): destination with the same identifier (name{ALG@line.7}) 
has been already used, duplicate ignored
<to be read again> 
                   \relax 
l.615 \EndFor
             
pdfTeX warning (ext4): destination with the same identifier (name{ALG@line.8}) 
has been already used, duplicate ignored
<to be read again> 
                   \relax 
l.616 \State
             \Return $V$
pdfTeX warning (ext4): destination with the same identifier (name{ALG@line.1}) 
has been already used, duplicate ignored
<to be read again> 
                   \relax 
l.630 \State
             $V \leftarrow \emptyset$
pdfTeX warning (ext4): destination with the same identifier (name{ALG@line.2}) 
has been already used, duplicate ignored
<to be read again> 
                   \relax 
l.631 \State
             $U \leftarrow \emptyset$
pdfTeX warning (ext4): destination with the same identifier (name{ALG@line.3}) 
has been already used, duplicate ignored
<to be read again> 
                   \relax 
l.632 \For
          {all item $o \in O$}
pdfTeX warning (ext4): destination with the same identifier (name{ALG@line.4}) 
has been already used, duplicate ignored
<to be read again> 
                   \relax 
l.633     \If
             {$o.\text{confidence} \ge \omega \land f(o.\text{value})$}
pdfTeX warning (ext4): destination with the same identifier (name{ALG@line.5}) 
has been already used, duplicate ignored
<to be read again> 
                   \relax 
l.634         \State
                     Append $o$ to $V$
pdfTeX warning (ext4): destination with the same identifier (name{ALG@line.6}) 
has been already used, duplicate ignored
<to be read again> 
                   \relax 
l.635     \Else
               
pdfTeX warning (ext4): destination with the same identifier (name{ALG@line.7}) 
has been already used, duplicate ignored
<to be read again> 
                   \relax 
l.636         \State
                     Append $o$ to $U$
pdfTeX warning (ext4): destination with the same identifier (name{ALG@line.8}) 
has been already used, duplicate ignored
<to be read again> 
                   \relax 
l.637     \EndIf
                
pdfTeX warning (ext4): destination with the same identifier (name{ALG@line.9}) 
has been already used, duplicate ignored
<to be read again> 
                   \relax 
l.638 \EndFor
             
pdfTeX warning (ext4): destination with the same identifier (name{ALG@line.10})
 has been already used, duplicate ignored
<to be read again> 
                   \relax 
l.639 \If
         {$U \ne \emptyset$}
pdfTeX warning (ext4): destination with the same identifier (name{ALG@line.11})
 has been already used, duplicate ignored
<to be read again> 
                   \relax 
l.640     \State
                 Trigger manual override
pdfTeX warning (ext4): destination with the same identifier (name{ALG@line.12})
 has been already used, duplicate ignored
<to be read again> 
                   \relax 
l.641 \EndIf
            
pdfTeX warning (ext4): destination with the same identifier (name{ALG@line.13})
 has been already used, duplicate ignored
<to be read again> 
                   \relax 
l.642 \State
             \Return $(V, U)$) (src/chapters/resultAndAnalysis.tex
[49]
[50]
chapter 6.

[51]
[52]
[53 <./src/images/figures/yolo_15class_train_loss.png>]

LaTeX Warning: Reference `fig:15class-train-loss' on page 1 undefined on input 
line 197.


LaTeX Warning: Reference `fig:15class-val-loss' on page 1 undefined on input li
ne 197.


LaTeX Warning: Reference `fig:15class-training-curves' on page 1 undefined on i
nput line 208.


[54 <./src/images/figures/yolo_15class_val_loss.png> <./src/images/figures/yolo
_15class_training_curves.png>]

LaTeX Warning: Reference `table:yolo-15class-comparison' on page 1 undefined on
 input line 236.


LaTeX Warning: Reference `fig:15class-final-bar' on page 1 undefined on input l
ine 236.


[55 <./src/images/figures/yolo_15class_final_bar.png>]

LaTeX Warning: Reference `fig:class-impact' on page 1 undefined on input line 2
63.


LaTeX Warning: Reference `table:class-impact' on page 1 undefined on input line
 263.


Overfull \hbox (7.59256pt too wide) in paragraph at lines 271--283
 [][] 

[56 <./src/images/figures/yolo_class_impact.png>]

LaTeX Warning: Reference `table:yolo-full-comparison' on page 1 undefined on in
put line 292.


LaTeX Warning: Reference `fig:yolo-full-bar' on page 1 undefined on input line 
292.


[57 <./src/images/figures/yolo_full_comparison_bar.png>]

LaTeX Warning: Reference `fig:yolo-evolution' on page 1 undefined on input line
 303.


[58 <./src/images/figures/yolo_evolution_timeline.png>]

LaTeX Warning: Reference `fig:yolo-radar' on page 1 undefined on input line 314
.


[59 <./src/images/figures/yolo_radar_comparison.png>]

LaTeX Warning: Reference `fig:confusion-matrix-retrained-yolov7' on page 1 unde
fined on input line 327.


[60 <./src/images/figures/confusion_matrix_retrained_yolov7.png>]

LaTeX Warning: Reference `fig:retrained-yolov7-result-1' on page 1 undefined on
 input line 344.


LaTeX Warning: Reference `fig:retrained-yolov7-result-2' on page 1 undefined on
 input line 344.


[61 <./src/images/figures/retrained_yolov7_result1.png (PNG copy)> <./src/image
s/figures/retrained_yolov7_result2.png (PNG copy)>]

LaTeX Warning: Reference `fig:custom-ocr-loss-curve' on page 1 undefined on inp
ut line 356.


[62 <./src/images/figures/custom_OCR_loss_curve.png>]

LaTeX Warning: Reference `fig:ocr-performance-metrics' on page 1 undefined on i
nput line 368.


Package hyperref Warning: Token not allowed in a PDF string (Unicode):
(hyperref)                removing `\gls' on input line 372.


[63 <./src/images/figures/cer_wer.png>]

LaTeX Warning: Reference `table:ocr-comparison' on page 1 undefined on input li
ne 434.


LaTeX Warning: Reference `fig:ocr-bar-chart' on page 1 undefined on input line 
434.


[64]

Package hyperref Warning: Token not allowed in a PDF string (Unicode):
(hyperref)                removing `\gls' on input line 436.


[65 <./src/images/figures/custom_ocr_result1.png (PNG copy)>]
[66 <./src/images/figures/trocr_result1.png (PNG copy)> <./src/images/figures/c
ustom_ocr_result2.png (PNG copy)>]

LaTeX Warning: Reference `fig:custom-ocr-result-1' on page 1 undefined on input
 line 468.


LaTeX Warning: Reference `fig:custom-ocr-result-2' on page 1 undefined on input
 line 468.


LaTeX Warning: Reference `fig:trocr-result-1' on page 1 undefined on input line
 468.


LaTeX Warning: Reference `fig:trocr-result-2' on page 1 undefined on input line
 468.


[67 <./src/images/figures/trocr_result2.png (PNG copy)>]

LaTeX Warning: File `src/images/figures/skeletonization.png' not found on input
 line 496.


! Package pdftex.def Error: File `src/images/figures/skeletonization.png' not f
ound: using draft setting.

See the pdftex.def package documentation for explanation.
Type  H <return>  for immediate help.
 ...                                              
                                                  
l.496 ...]{src/images/figures/skeletonization.png}
                                                  

[68 <./src/images/figures/otsu_thresholding.png>]
[69]
[70 <./src/images/figures/component_removal.png>]
[71 <./src/images/figures/wire_classification.png>]
[72 <./src/images/figures/segment_consolidation.png>]
[73 <./src/images/figures/bounding_box_overlay.png>]

LaTeX Warning: Reference `fig:skeleton_endpoints' on page 74 undefined on input
 line 570.


[74 <./src/images/figures/wire_component_intersection_detection.png>]

LaTeX Warning: Reference `fig:adjacency_graph' on page 75 undefined on input li
ne 581.


[75 <./src/images/figures/skeleton_with_endpoints.png>]
[76 <./src/images/figures/adjacency_graph.png>]

LaTeX Warning: Reference `fig:vdivider-skeleton' on page 1 undefined on input l
ine 614.


LaTeX Warning: Reference `fig:vdivider-skeleton-endpoints' on page 1 undefined 
on input line 614.


[77 <./src/images/figures/frontend_circuit.png> <./src/images/figures/frontend_
simulation.png>]

LaTeX Warning: Reference `fig:vdivider-adjacency' on page 1 undefined on input 
line 630.


[78 <./src/images/figures/skeletonvdivider.png> <./src/images/figures/skeletonw
ithendpointvdivider.png>]

LaTeX Warning: Reference `fig:vdivider-frontend-mapped' on page 1 undefined on 
input line 639.


LaTeX Warning: Reference `fig:vdivider-simulation' on page 1 undefined on input
 line 648.


[79 <./src/images/figures/adjancyvdivider.png> <./src/images/figures/frontendal
lcomponentsmappedvdivider.png>]) (src/chapters/futureEnhancements.tex
[80 <./src/images/figures/simulatefrontendvdivider.png>]
chapter 7.
)
[81] (src/chapters/conclusion.tex
[82]
chapter 8.
)
[83]
chapter 9.
(src/backmatter/back.tex
[84]) (main.bbl)
[85 <./src/images/figures/gantt.png>] (main.aux)

LaTeX Warning: There were undefined references.

 )
(see the transcript file for additional information){/Users/anveshantimsina/Lib
rary/Application Support/MiKTeX/texmfs/install/fonts/enc/dvips/newtx/ntx-ot1-tl
f.enc}{/Users/anveshantimsina/Library/Application Support/MiKTeX/texmfs/install
/fonts/enc/dvips/base/8r.enc}</Users/anveshantimsina/Library/Application Suppor
t/MiKTeX/texmfs/install/fonts/type1/public/newtx/NewTXMI.pfb></Users/anveshanti
msina/Library/Application Support/MiKTeX/texmfs/install/fonts/type1/public/newt
x/NewTXMI7.pfb></Users/anveshantimsina/Library/Application Support/MiKTeX/texmf
s/install/fonts/type1/public/newtx/txexs.pfb></Users/anveshantimsina/Library/Ap
plication Support/MiKTeX/texmfs/install/fonts/type1/public/newtx/txmiaX.pfb></U
sers/anveshantimsina/Library/Application Support/MiKTeX/texmfs/install/fonts/ty
pe1/public/newtx/txsym.pfb></Users/anveshantimsina/Library/Application Support/
MiKTeX/texmfs/install/fonts/type1/public/newtx/txsys.pfb></Users/anveshantimsin
a/Library/Application Support/MiKTeX/texmfs/install/fonts/type1/urw/courier/ucr
r8a.pfb></Users/anveshantimsina/Library/Application Support/MiKTeX/texmfs/insta
ll/fonts/type1/urw/times/utmb8a.pfb></Users/anveshantimsina/Library/Application
 Support/MiKTeX/texmfs/install/fonts/type1/urw/times/utmr8a.pfb></Users/anvesha
ntimsina/Library/Application Support/MiKTeX/texmfs/install/fonts/type1/urw/time
s/utmri8a.pfb></Users/anveshantimsina/Library/Application Support/MiKTeX/texmfs
/install/fonts/type1/public/newtx/ztmb.pfb></Users/anveshantimsina/Library/Appl
ication Support/MiKTeX/texmfs/install/fonts/type1/public/newtx/ztmr.pfb>
Output written on main.pdf (97 pages, 12950612 bytes).
Transcript written on main.log.
